jasmina@jasmina-Inspiron-5570:~/NetBeansProjects/libpwquality/src$ infer run -- gcc -c check.c
Capturing in make/cc mode...
Found 1 source file to analyze in /home/jasmina/NetBeansProjects/libpwquality/src/infer-out


Found 1 issue

check.c:623: error: UNINITIALIZED_VALUE
  The value read from freq[_] was never initialized.
  621.   
  622.                   for (i = 0; i < sizeof(freq); i++) {
  623. >                         if (freq[i])
  624.                                   ++score;
  625.                   }


Summary of the reports

  UNINITIALIZED_VALUE: 1


jasmina@jasmina-Inspiron-5570:~/NetBeansProjects/libpwquality/src$ infer run -- gcc -c error.c
Capturing in make/cc mode...
Found 1 source file to analyze in /home/jasmina/NetBeansProjects/libpwquality/src/infer-out


No issues found  

jasmina@jasmina-Inspiron-5570:~/NetBeansProjects/libpwquality/src$ infer run -- gcc -c generate.c
Capturing in make/cc mode...
Found 1 source file to analyze in /home/jasmina/NetBeansProjects/libpwquality/src/infer-out


No issues found  

jasmina@jasmina-Inspiron-5570:~/NetBeansProjects/libpwquality/src$ infer run -- gcc -c pam_pwquality.c
Capturing in make/cc mode...
Found 1 source file to analyze in /home/jasmina/NetBeansProjects/libpwquality/src/infer-out


Found 2 issues

pam_pwquality.c:134: error: UNINITIALIZED_VALUE
  The value read from errn was never initialized.
  132.           if (errn != 0 && errn != ENOENT) {
  133.                   pam_syslog(pamh, LOG_ERR, "unable to enumerate local accounts: %s",
  134. >                            pam_strerror(pamh, errn));
  135.                   return -1;
  136.           } else {

pam_pwquality.c:240: error: DEAD_STORE
  The value written to &retval (type int) is never used.
  238.                                       (flags & PAM_CHANGE_EXPIRED_AUTHTOK))) {
  239.                                           pam_set_item(pamh, PAM_AUTHTOK, NULL);
  240. >                                         retval = PAM_AUTHTOK_ERR;
  241.                                           continue;
  242.                                   }


Summary of the reports

  UNINITIALIZED_VALUE: 1
           DEAD_STORE: 1

jasmina@jasmina-Inspiron-5570:~/NetBeansProjects/libpwquality/src$ infer run -- gcc -c pwmake.c
Capturing in make/cc mode...
Found 1 source file to analyze in /home/jasmina/NetBeansProjects/libpwquality/src/infer-out


No issues found  

jasmina@jasmina-Inspiron-5570:~/NetBeansProjects/libpwquality/src$ infer run -- gcc -c pwscore.c
Capturing in make/cc mode...
Found 1 source file to analyze in /home/jasmina/NetBeansProjects/libpwquality/src/infer-out


No issues found  

jasmina@jasmina-Inspiron-5570:~/NetBeansProjects/libpwquality/src$ infer run -- gcc -c settings.c
Capturing in make/cc mode...
Found 1 source file to analyze in /home/jasmina/NetBeansProjects/libpwquality/src/infer-out


No issues found  

